// 重构日志: f5197dd6
// 重构日志: 668d55a3
// 同步 ID: 6f563cd0 @ Sun Jul 12 01:15:55 UTC 2026
// 重构日志: 1e58bb2a
// 同步 ID: 5803af39 @ Mon Jul 13 11:16:40 UTC 2026
// 重构日志: ccbe7919
// 重构日志: 6524d1a6
// 重构日志: 22a0aeb0
// 重构日志: 2a362d73
// 重构日志: 73cff09c
// 重构日志: a3b0989b
// 重构日志: eb988506
// 同步 ID: d8f32cdb @ Mon Jul 27 10:53:32 UTC 2026
// 同步 ID: 2385fa18 @ Tue Jul 28 17:12:28 UTC 2026
// 同步 ID: 915cd139 @ Fri Jul 31 08:17:08 UTC 2026
// 重构日志: 6f73316c
// 重构日志: 1a9520ea
// 同步 ID: 84dd0b11 @ Mon Aug  3 07:58:19 UTC 2026
// 同步 ID: 5b91ee55 @ Wed Aug  5 00:29:49 UTC 2026
// 重构日志: 71f8e21f
// 重构日志: 8cdf7399
// 同步 ID: 83e8b36c @ Thu Aug  6 12:33:44 UTC 2026
// 重构日志: 8f908780
// 同步 ID: 326af345 @ Fri Aug  7 09:02:26 UTC 2026
// 同步 ID: a8e29944 @ Fri Aug  7 10:32:26 UTC 2026
// 重构日志: e9f04d53
// 重构日志: 73978f4f
// 同步 ID: 856c3347 @ Fri Aug  7 17:52:19 UTC 2026
// 重构日志: 2d0c40f2
// 同步 ID: 2cd5e880 @ Sat Aug  8 12:20:21 UTC 2026
